[mission_executive.py-13] [INFO] [1789747774.669968229] [mission_executive]: mission_executive up: colour=red lane=-0.75 grasp=yes autostart=False
[mission_executive.py-13] [INFO] [1789747774.672729106] [mission_executive]: waiting for /mission/start — ros2 service call /mission/start std_srvs/srv/Trigger
[mission_executive.py-13] [INFO] [1789747986.793177787] [mission_executive]: starting the fetch for red
[mission_executive.py-13] [INFO] [1789747986.809109482] [mission_executive]: IDLE -> LOCALIZE
[mission_executive.py-13] [INFO] [1789747986.908780574] [mission_executive]: LOCALIZE -> NAVIGATE_TO_RAMP
[mission_executive.py-13] [INFO] [1789747987.010748494] [mission_executive]: NavigateToPose -> world (0.50, -0.75)
[mission_executive.py-13] [INFO] [1789748032.607311378] [mission_executive]: NAVIGATE_TO_RAMP arrived: ground truth 0.124 m from the goal (tolerance 0.25 m)
[mission_executive.py-13] [INFO] [1789748032.610289488] [mission_executive]: NAVIGATE_TO_RAMP -> ALIGN_FOR_CLIMB
[mission_executive.py-13] [INFO] [1789748033.008568421] [mission_executive]: pre-climb heading -0.220 rad (-12.6 deg); gate off
[mission_executive.py-13] [INFO] [1789748033.011033405] [mission_executive]: ALIGN_FOR_CLIMB -> CLIMB
[mission_executive.py-13] [INFO] [1789748033.110159859] [mission_executive]: calling /ramp/climb
[mission_executive.py-13] [INFO] [1789748064.807444586] [mission_executive]: CLIMB -> VERIFY_CLIMB
[mission_executive.py-13] [INFO] [1789748065.308244464] [mission_executive]: VERIFY_CLIMB -> SEARCH_TARGET
[mission_executive.py-13] [INFO] [1789748065.707551829] [mission_executive]: SEARCH_TARGET -> STOW_ARM
[mission_executive.py-13] [INFO] [1789748065.809310879] [mission_executive]: calling /grasp/stow
[mission_executive.py-13] [INFO] [1789748071.708764995] [mission_executive]: STOW_ARM -> APPROACH_TARGET
[mission_executive.py-13] [INFO] [1789748071.807977117] [mission_executive]: calling /approach/run
[mission_executive.py-13] [INFO] [1789748099.807188328] [mission_executive]: APPROACH_TARGET -> GRASP
[mission_executive.py-13] [INFO] [1789748099.907879452] [mission_executive]: calling /grasp/pick
[mission_executive.py-13] [INFO] [1789748155.308183285] [mission_executive]: GRASP -> VERIFY_GRASP
[mission_executive.py-13] [INFO] [1789748155.808612402] [mission_executive]: VERIFY_GRASP -> DESCEND
[mission_executive.py-13] [INFO] [1789748155.907757003] [mission_executive]: calling /ramp/descend
[mission_executive.py-13] [INFO] [1789748193.609012172] [mission_executive]: DESCEND -> RETURN_HOME
[mission_executive.py-13] [INFO] [1789748193.708296490] [mission_executive]: NavigateToPose -> world (-2.00, 0.00)
[mission_executive.py-13] [INFO] [1789748292.257493177] [mission_executive]: RETURN_HOME arrived: ground truth 0.083 m from the goal (tolerance 0.25 m)
[mission_executive.py-13] [INFO] [1789748292.261320570] [mission_executive]: RETURN_HOME -> PLACE
[mission_executive.py-13] [INFO] [1789748292.359429613] [mission_executive]: calling /grasp/place
[mission_executive.py-13] [INFO] [1789748329.457412704] [mission_executive]: PLACE -> VERIFY_PLACEMENT
[mission_executive.py-13] [INFO] [1789748329.857415583] [mission_executive]: VERIFY_PLACEMENT -> COMPLETE
[mission_executive.py-13] [INFO] [1789748329.862633010] [mission_executive]: MISSION COMPLETE: result=fetch reason=-- attempts={}
